DEBUG:root:15
WARNING:root:5
ERROR:root:50
CRITICAL:root:2.0
DEBUG:root:110
WARNING:root:90
ERROR:root:1000
CRITICAL:root:10.0
2018-01-21 01:03:55,547:DEBUG:110
2018-01-21 01:03:55,547:WARNING:90
2018-01-21 01:03:55,547:ERROR:1000
2018-01-21 01:03:55,547:CRITICAL:10.0
2018-01-22 12:58:51,989:DEBUG:110
2018-01-22 12:58:51,989:WARNING:90
2018-01-22 12:58:51,989:ERROR:1000
2018-01-22 12:58:51,989:CRITICAL:10.0
